docker run --name phpldapadmin-test-container  -d phpldapadmin-test 
